<?xml version="1.0" encoding="utf-8"?>
<TestRun id="3141befb-1943-4d40-87f0-81e74abc1b3b" name="Eli@DESKTOP-OMOJ29N 2026-06-05 18:45:03" runUser="DESKTOP-OMOJ29N\Eli" xmlns="http://microsoft.com/schemas/VisualStudio/TeamTest/2010">
  <Times creation="2026-06-05T18:45:03.1346931+03:00" queuing="2026-06-05T18:45:03.1346934+03:00" start="2026-06-05T18:45:01.0532674+03:00" finish="2026-06-05T18:45:03.4113868+03:00" />
  <TestSettings name="default" id="1264f57e-98ea-4b35-9078-b51b84691186">
    <Deployment runDeploymentRoot="Eli_DESKTOP-OMOJ29N_2026-06-05_18_45_03" />
  </TestSettings>
  <Results>
    <UnitTestResult executionId="805b0de5-b106-4747-bb5b-5e2d6112cf23" testId="ea21e159-f66d-7300-4023-b2281978c2a8" testName="CharacterManager.Backend.Unit.Tests.Rolling.ActionRollTests.OutcomeIsWeakHitWhenActionScoreBeatsOneChallengeDie" computerName="DESKTOP-OMOJ29N" duration="00:00:00.0155415" startTime="2026-06-05T18:45:03.0710477+03:00" endTime="2026-06-05T18:45:03.0710635+03:00" testType="13cdc9d9-ddb5-4fa4-a97d-d965ccfc6d4b" outcome="Passed" testListId="8c84fa94-04c1-424b-9868-57a2d4851a1d" relativeResultsDirectory="805b0de5-b106-4747-bb5b-5e2d6112cf23" />
    <UnitTestResult executionId="ae6c5480-2bd2-4189-939a-b7312d5f1b10" testId="735a424c-3077-6b69-a915-eb87e739d9a2" testName="CharacterManager.Backend.Unit.Tests.Characters.CharacterValidatorTests.FinalizedStandardCharacterRequiresAllStats" computerName="DESKTOP-OMOJ29N" duration="00:00:00.0006141" startTime="2026-06-05T18:45:03.1094415+03:00" endTime="2026-06-05T18:45:03.1094416+03:00" testType="13cdc9d9-ddb5-4fa4-a97d-d965ccfc6d4b" outcome="Passed" testListId="8c84fa94-04c1-424b-9868-57a2d4851a1d" relativeResultsDirectory="ae6c5480-2bd2-4189-939a-b7312d5f1b10" />
    <UnitTestResult executionId="4e7fd743-a95d-40e3-a47e-9b485e931390" testId="17546752-6482-c643-1d10-3a16c7d67276" testName="CharacterManager.Backend.Unit.Tests.Characters.LocalJsonCharacterRepositoryTests.UnsupportedSchemaVersionIsLoadableButNeedsReview" computerName="DESKTOP-OMOJ29N" duration="00:00:00.0130743" startTime="2026-06-05T18:45:03.1673411+03:00" endTime="2026-06-05T18:45:03.1673420+03:00" testType="13cdc9d9-ddb5-4fa4-a97d-d965ccfc6d4b" outcome="Passed" testListId="8c84fa94-04c1-424b-9868-57a2d4851a1d" relativeResultsDirectory="4e7fd743-a95d-40e3-a47e-9b485e931390" />
    <UnitTestResult executionId="a24a09a9-e7f4-4b6c-87bb-77da6e32dc84" testId="a33a10ab-9945-b222-4546-656049989996" testName="CharacterManager.Backend.Unit.Tests.Rules.RulesetCatalogTests.CatalogIdsAreUnique" computerName="DESKTOP-OMOJ29N" duration="00:00:00.0022505" startTime="2026-06-05T18:45:03.0837976+03:00" endTime="2026-06-05T18:45:03.0837979+03:00" testType="13cdc9d9-ddb5-4fa4-a97d-d965ccfc6d4b" outcome="Passed" testListId="8c84fa94-04c1-424b-9868-57a2d4851a1d" relativeResultsDirectory="a24a09a9-e7f4-4b6c-87bb-77da6e32dc84" />
    <UnitTestResult executionId="56b92029-2caf-4497-ada7-f46f9204fbe7" testId="ee331188-17e9-0a1b-1fc7-1fc48408f89a" testName="CharacterManager.Backend.Unit.Tests.Characters.CharacterValidatorTests.UnknownStatsAndDebilitiesAreErrors" computerName="DESKTOP-OMOJ29N" duration="00:00:00.0011875" startTime="2026-06-05T18:45:03.1082229+03:00" endTime="2026-06-05T18:45:03.1082230+03:00" testType="13cdc9d9-ddb5-4fa4-a97d-d965ccfc6d4b" outcome="Passed" testListId="8c84fa94-04c1-424b-9868-57a2d4851a1d" relativeResultsDirectory="56b92029-2caf-4497-ada7-f46f9204fbe7" />
    <UnitTestResult executionId="1a4ce054-0020-4ad6-9ca6-958fb9285fdb" testId="31328d30-35a0-25c7-9cc6-ed011f50a86c" testName="CharacterManager.Backend.Unit.Tests.Rules.RulesetCatalogTests.IronswornCatalogContainsMvpMetadata" computerName="DESKTOP-OMOJ29N" duration="00:00:00.0287416" startTime="2026-06-05T18:45:03.0814270+03:00" endTime="2026-06-05T18:45:03.0814271+03:00" testType="13cdc9d9-ddb5-4fa4-a97d-d965ccfc6d4b" outcome="Passed" testListId="8c84fa94-04c1-424b-9868-57a2d4851a1d" relativeResultsDirectory="1a4ce054-0020-4ad6-9ca6-958fb9285fdb" />
    <UnitTestResult executionId="a951d802-8697-487f-a84a-b7a1694b2f4e" testId="5ecca942-fd99-be78-4d36-ac0cb651d2b4" testName="CharacterManager.Backend.Unit.Tests.Characters.LocalJsonCharacterRepositoryTests.SavesAndLoadsCharacterRoundtrip" computerName="DESKTOP-OMOJ29N" duration="00:00:00.0993348" startTime="2026-06-05T18:45:03.1520411+03:00" endTime="2026-06-05T18:45:03.1520415+03:00" testType="13cdc9d9-ddb5-4fa4-a97d-d965ccfc6d4b" outcome="Passed" testListId="8c84fa94-04c1-424b-9868-57a2d4851a1d" relativeResultsDirectory="a951d802-8697-487f-a84a-b7a1694b2f4e" />
    <UnitTestResult executionId="bbb46d82-37cd-495e-b527-bf65a7c73988" testId="88b8f4de-994e-1da4-080b-f34086b9af85" testName="CharacterManager.Backend.Unit.Tests.Characters.LocalJsonCharacterRepositoryTests.DeleteRemovesPersistedCharacter" computerName="DESKTOP-OMOJ29N" duration="00:00:00.0065548" startTime="2026-06-05T18:45:03.1813914+03:00" endTime="2026-06-05T18:45:03.1813917+03:00" testType="13cdc9d9-ddb5-4fa4-a97d-d965ccfc6d4b" outcome="Passed" testListId="8c84fa94-04c1-424b-9868-57a2d4851a1d" relativeResultsDirectory="bbb46d82-37cd-495e-b527-bf65a7c73988" />
    <UnitTestResult executionId="6d278b45-7d47-416f-98fd-715c3bc02338" testId="c04857b2-46e3-f1e6-d996-333f7ef87e95" testName="CharacterManager.Backend.Unit.Tests.Characters.CharacterValidatorTests.DraftCanBeIncompleteWithoutFinalizationErrors" computerName="DESKTOP-OMOJ29N" duration="00:00:00.0010098" startTime="2026-06-05T18:45:03.1087133+03:00" endTime="2026-06-05T18:45:03.1087133+03:00" testType="13cdc9d9-ddb5-4fa4-a97d-d965ccfc6d4b" outcome="Passed" testListId="8c84fa94-04c1-424b-9868-57a2d4851a1d" relativeResultsDirectory="6d278b45-7d47-416f-98fd-715c3bc02338" />
    <UnitTestResult executionId="a29497bd-d5d3-4201-892f-f6261bff82ac" testId="747f734f-ee55-5f32-cd6d-559d484ce226" testName="CharacterManager.Backend.Unit.Tests.Characters.CharacterValidatorTests.ProgressTracksMustStayWithinFortyTicks" computerName="DESKTOP-OMOJ29N" duration="00:00:00.0007393" startTime="2026-06-05T18:45:03.1090977+03:00" endTime="2026-06-05T18:45:03.1090978+03:00" testType="13cdc9d9-ddb5-4fa4-a97d-d965ccfc6d4b" outcome="Passed" testListId="8c84fa94-04c1-424b-9868-57a2d4851a1d" relativeResultsDirectory="a29497bd-d5d3-4201-892f-f6261bff82ac" />
    <UnitTestResult executionId="bd4a6228-d196-4a66-96ac-41db7eb0fab4" testId="9ae67305-948c-2915-027e-e4712182fdc2" testName="CharacterManager.Backend.Unit.Tests.Characters.CharacterValidatorTests.MetersMustStayWithinZeroToFive" computerName="DESKTOP-OMOJ29N" duration="00:00:00.0011295" startTime="2026-06-05T18:45:03.1088736+03:00" endTime="2026-06-05T18:45:03.1088736+03:00" testType="13cdc9d9-ddb5-4fa4-a97d-d965ccfc6d4b" outcome="Passed" testListId="8c84fa94-04c1-424b-9868-57a2d4851a1d" relativeResultsDirectory="bd4a6228-d196-4a66-96ac-41db7eb0fab4" />
    <UnitTestResult executionId="2aaf5b6d-8020-4046-b5d5-3cf181970049" testId="4e41cea3-eec2-1ac7-e5a5-68067cd47488" testName="CharacterManager.Backend.Unit.Tests.Characters.CharacterValidatorTests.FinalizedCharacterRequiresNameThreeAssetsAndActiveVow" computerName="DESKTOP-OMOJ29N" duration="00:00:00.0007036" startTime="2026-06-05T18:45:03.1096023+03:00" endTime="2026-06-05T18:45:03.1096023+03:00" testType="13cdc9d9-ddb5-4fa4-a97d-d965ccfc6d4b" outcome="Passed" testListId="8c84fa94-04c1-424b-9868-57a2d4851a1d" relativeResultsDirectory="2aaf5b6d-8020-4046-b5d5-3cf181970049" />
    <UnitTestResult executionId="6926b260-03e2-4e7d-bfa8-fa78450202ee" testId="faf2c8cd-25f6-0f93-9352-2ca83fa6ae89" testName="CharacterManager.Backend.Unit.Tests.Characters.CharacterValidatorTests.CompleteStandardCharacterIsValidForFinalization" computerName="DESKTOP-OMOJ29N" duration="00:00:00.0004709" startTime="2026-06-05T18:45:03.1109189+03:00" endTime="2026-06-05T18:45:03.1109190+03:00" testType="13cdc9d9-ddb5-4fa4-a97d-d965ccfc6d4b" outcome="Passed" testListId="8c84fa94-04c1-424b-9868-57a2d4851a1d" relativeResultsDirectory="6926b260-03e2-4e7d-bfa8-fa78450202ee" />
    <UnitTestResult executionId="cc4b4465-f1d0-460f-8faa-3ec127f1e15e" testId="9c17b282-df8d-742d-126b-459397f06184" testName="CharacterManager.Backend.Unit.Tests.Characters.CharacterValidatorTests.VowAndBondValidationUsesStructuredFields" computerName="DESKTOP-OMOJ29N" duration="00:00:00.0018631" startTime="2026-06-05T18:45:03.1085293+03:00" endTime="2026-06-05T18:45:03.1085293+03:00" testType="13cdc9d9-ddb5-4fa4-a97d-d965ccfc6d4b" outcome="Passed" testListId="8c84fa94-04c1-424b-9868-57a2d4851a1d" relativeResultsDirectory="cc4b4465-f1d0-460f-8faa-3ec127f1e15e" />
    <UnitTestResult executionId="0bafd3ad-bc56-4b68-a550-dbc34d19245e" testId="9c99d689-0bd9-8a5c-0e92-e0d2433f6d1a" testName="CharacterManager.Backend.Unit.Tests.Rolling.ActionRollTests.OutcomeIsStrongHitWhenActionScoreBeatsBothChallengeDice" computerName="DESKTOP-OMOJ29N" duration="00:00:00.0000568" startTime="2026-06-05T18:45:03.0798744+03:00" endTime="2026-06-05T18:45:03.0798745+03:00" testType="13cdc9d9-ddb5-4fa4-a97d-d965ccfc6d4b" outcome="Passed" testListId="8c84fa94-04c1-424b-9868-57a2d4851a1d" relativeResultsDirectory="0bafd3ad-bc56-4b68-a550-dbc34d19245e" />
    <UnitTestResult executionId="fc362545-af46-4778-b396-8fe44de263c4" testId="0e3503fe-03eb-3c72-aadc-6894f5d71293" testName="CharacterManager.Backend.Unit.Tests.Characters.CharacterValidatorTests.FinalizedStandardCharacterRequiresStartingStatDistribution" computerName="DESKTOP-OMOJ29N" duration="00:00:00.0006812" startTime="2026-06-05T18:45:03.1097621+03:00" endTime="2026-06-05T18:45:03.1097621+03:00" testType="13cdc9d9-ddb5-4fa4-a97d-d965ccfc6d4b" outcome="Passed" testListId="8c84fa94-04c1-424b-9868-57a2d4851a1d" relativeResultsDirectory="fc362545-af46-4778-b396-8fe44de263c4" />
    <UnitTestResult executionId="120bab68-0ab3-4cdb-ae51-cdd0f3b826e2" testId="236744a4-0b11-4a3b-adc3-845b06e2b880" testName="CharacterManager.Backend.Unit.Tests.Characters.CharacterValidatorTests.DebilityBlocksMatchingMeterIncrease" computerName="DESKTOP-OMOJ29N" duration="00:00:00.0013410" startTime="2026-06-05T18:45:03.1092592+03:00" endTime="2026-06-05T18:45:03.1092593+03:00" testType="13cdc9d9-ddb5-4fa4-a97d-d965ccfc6d4b" outcome="Passed" testListId="8c84fa94-04c1-424b-9868-57a2d4851a1d" relativeResultsDirectory="120bab68-0ab3-4cdb-ae51-cdd0f3b826e2" />
    <UnitTestResult executionId="3e642f50-ed5d-43e2-a442-7a9ababde0a3" testId="8a24a513-dcf4-4c30-c2ef-cbd081642021" testName="CharacterManager.Backend.Unit.Tests.Rolling.ActionRollTests.OutcomeIsMissWhenActionScoreBeatsNeitherChallengeDie" computerName="DESKTOP-OMOJ29N" duration="00:00:00.0000965" startTime="2026-06-05T18:45:03.0792019+03:00" endTime="2026-06-05T18:45:03.0792021+03:00" testType="13cdc9d9-ddb5-4fa4-a97d-d965ccfc6d4b" outcome="Passed" testListId="8c84fa94-04c1-424b-9868-57a2d4851a1d" relativeResultsDirectory="3e642f50-ed5d-43e2-a442-7a9ababde0a3" />
    <UnitTestResult executionId="27b27729-f248-4ad0-8144-8cee144de263" testId="c19d8e7b-9d03-3164-3137-53480f81f3d5" testName="CharacterManager.Backend.Unit.Tests.Characters.LocalJsonCharacterRepositoryTests.ListReportsInvalidJsonWithoutThrowing" computerName="DESKTOP-OMOJ29N" duration="00:00:00.0055297" startTime="2026-06-05T18:45:03.1742971+03:00" endTime="2026-06-05T18:45:03.1742973+03:00" testType="13cdc9d9-ddb5-4fa4-a97d-d965ccfc6d4b" outcome="Passed" testListId="8c84fa94-04c1-424b-9868-57a2d4851a1d" relativeResultsDirectory="27b27729-f248-4ad0-8144-8cee144de263" />
    <UnitTestResult executionId="da9adbff-02a0-41aa-93e8-96a6a1e4fdb7" testId="75b84d60-8db1-eb67-9fd3-b47c83b803ce" testName="CharacterManager.Backend.Unit.Tests.Characters.CharacterValidatorTests.DuplicateAssetsAndMissingCompanionNameAreInvalid" computerName="DESKTOP-OMOJ29N" duration="00:00:00.0329854" startTime="2026-06-05T18:45:03.0856654+03:00" endTime="2026-06-05T18:45:03.0856655+03:00" testType="13cdc9d9-ddb5-4fa4-a97d-d965ccfc6d4b" outcome="Passed" testListId="8c84fa94-04c1-424b-9868-57a2d4851a1d" relativeResultsDirectory="da9adbff-02a0-41aa-93e8-96a6a1e4fdb7" />
    <UnitTestResult executionId="395c79e9-71a0-439c-bcbe-365810297d0e" testId="d7b47673-31e0-9171-3a3d-64a585676852" testName="CharacterManager.Backend.Unit.Tests.Characters.CharacterValidatorTests.MarkedDebilitiesDeriveMomentumMaximumAndReset" computerName="DESKTOP-OMOJ29N" duration="00:00:00.0009106" startTime="2026-06-05T18:45:03.0866505+03:00" endTime="2026-06-05T18:45:03.0866506+03:00" testType="13cdc9d9-ddb5-4fa4-a97d-d965ccfc6d4b" outcome="Passed" testListId="8c84fa94-04c1-424b-9868-57a2d4851a1d" relativeResultsDirectory="395c79e9-71a0-439c-bcbe-365810297d0e" />
    <UnitTestResult executionId="9f5cf6a7-ea0e-47d7-99a9-afdfbdbb805b" testId="7876fbd3-19f5-2e15-0408-a6824ae52b4f" testName="CharacterManager.Backend.Unit.Tests.Characters.CharacterValidatorTests.MomentumOutsideDerivedRangeIsInvalid" computerName="DESKTOP-OMOJ29N" duration="00:00:00.0010818" startTime="2026-06-05T18:45:03.0878122+03:00" endTime="2026-06-05T18:45:03.0878123+03:00" testType="13cdc9d9-ddb5-4fa4-a97d-d965ccfc6d4b" outcome="Passed" testListId="8c84fa94-04c1-424b-9868-57a2d4851a1d" relativeResultsDirectory="9f5cf6a7-ea0e-47d7-99a9-afdfbdbb805b" />
  </Results>
  <TestDefinitions>
    <UnitTest name="CharacterManager.Backend.Unit.Tests.Rolling.ActionRollTests.OutcomeIsWeakHitWhenActionScoreBeatsOneChallengeDie" storage="c:\users\eli\onedrive\documents\charactermanager\.codex-guy-backend-core\tests\backend\unit\bin\debug\net8.0\charactermanager.backend.unit.tests.dll" id="ea21e159-f66d-7300-4023-b2281978c2a8">
      <Execution id="805b0de5-b106-4747-bb5b-5e2d6112cf23" />
      <TestMethod codeBase="C:\Users\Eli\OneDrive\Documents\CharacterManager\.codex-guy-backend-core\tests\backend\Unit\bin\Debug\net8.0\CharacterManager.Backend.Unit.Tests.dll" adapterTypeName="executor://xunit/VsTestRunner2/netcoreapp" className="CharacterManager.Backend.Unit.Tests.Rolling.ActionRollTests" name="OutcomeIsWeakHitWhenActionScoreBeatsOneChallengeDie" />
    </UnitTest>
    <UnitTest name="CharacterManager.Backend.Unit.Tests.Rolling.ActionRollTests.OutcomeIsMissWhenActionScoreBeatsNeitherChallengeDie" storage="c:\users\eli\onedrive\documents\charactermanager\.codex-guy-backend-core\tests\backend\unit\bin\debug\net8.0\charactermanager.backend.unit.tests.dll" id="8a24a513-dcf4-4c30-c2ef-cbd081642021">
      <Execution id="3e642f50-ed5d-43e2-a442-7a9ababde0a3" />
      <TestMethod codeBase="C:\Users\Eli\OneDrive\Documents\CharacterManager\.codex-guy-backend-core\tests\backend\Unit\bin\Debug\net8.0\CharacterManager.Backend.Unit.Tests.dll" adapterTypeName="executor://xunit/VsTestRunner2/netcoreapp" className="CharacterManager.Backend.Unit.Tests.Rolling.ActionRollTests" name="OutcomeIsMissWhenActionScoreBeatsNeitherChallengeDie" />
    </UnitTest>
    <UnitTest name="CharacterManager.Backend.Unit.Tests.Characters.CharacterValidatorTests.MarkedDebilitiesDeriveMomentumMaximumAndReset" storage="c:\users\eli\onedrive\documents\charactermanager\.codex-guy-backend-core\tests\backend\unit\bin\debug\net8.0\charactermanager.backend.unit.tests.dll" id="d7b47673-31e0-9171-3a3d-64a585676852">
      <Execution id="395c79e9-71a0-439c-bcbe-365810297d0e" />
      <TestMethod codeBase="C:\Users\Eli\OneDrive\Documents\CharacterManager\.codex-guy-backend-core\tests\backend\Unit\bin\Debug\net8.0\CharacterManager.Backend.Unit.Tests.dll" adapterTypeName="executor://xunit/VsTestRunner2/netcoreapp" className="CharacterManager.Backend.Unit.Tests.Characters.CharacterValidatorTests" name="MarkedDebilitiesDeriveMomentumMaximumAndReset" />
    </UnitTest>
    <UnitTest name="CharacterManager.Backend.Unit.Tests.Rules.RulesetCatalogTests.CatalogIdsAreUnique" storage="c:\users\eli\onedrive\documents\charactermanager\.codex-guy-backend-core\tests\backend\unit\bin\debug\net8.0\charactermanager.backend.unit.tests.dll" id="a33a10ab-9945-b222-4546-656049989996">
      <Execution id="a24a09a9-e7f4-4b6c-87bb-77da6e32dc84" />
      <TestMethod codeBase="C:\Users\Eli\OneDrive\Documents\CharacterManager\.codex-guy-backend-core\tests\backend\Unit\bin\Debug\net8.0\CharacterManager.Backend.Unit.Tests.dll" adapterTypeName="executor://xunit/VsTestRunner2/netcoreapp" className="CharacterManager.Backend.Unit.Tests.Rules.RulesetCatalogTests" name="CatalogIdsAreUnique" />
    </UnitTest>
    <UnitTest name="CharacterManager.Backend.Unit.Tests.Rules.RulesetCatalogTests.IronswornCatalogContainsMvpMetadata" storage="c:\users\eli\onedrive\documents\charactermanager\.codex-guy-backend-core\tests\backend\unit\bin\debug\net8.0\charactermanager.backend.unit.tests.dll" id="31328d30-35a0-25c7-9cc6-ed011f50a86c">
      <Execution id="1a4ce054-0020-4ad6-9ca6-958fb9285fdb" />
      <TestMethod codeBase="C:\Users\Eli\OneDrive\Documents\CharacterManager\.codex-guy-backend-core\tests\backend\Unit\bin\Debug\net8.0\CharacterManager.Backend.Unit.Tests.dll" adapterTypeName="executor://xunit/VsTestRunner2/netcoreapp" className="CharacterManager.Backend.Unit.Tests.Rules.RulesetCatalogTests" name="IronswornCatalogContainsMvpMetadata" />
    </UnitTest>
    <UnitTest name="CharacterManager.Backend.Unit.Tests.Characters.CharacterValidatorTests.DebilityBlocksMatchingMeterIncrease" storage="c:\users\eli\onedrive\documents\charactermanager\.codex-guy-backend-core\tests\backend\unit\bin\debug\net8.0\charactermanager.backend.unit.tests.dll" id="236744a4-0b11-4a3b-adc3-845b06e2b880">
      <Execution id="120bab68-0ab3-4cdb-ae51-cdd0f3b826e2" />
      <TestMethod codeBase="C:\Users\Eli\OneDrive\Documents\CharacterManager\.codex-guy-backend-core\tests\backend\Unit\bin\Debug\net8.0\CharacterManager.Backend.Unit.Tests.dll" adapterTypeName="executor://xunit/VsTestRunner2/netcoreapp" className="CharacterManager.Backend.Unit.Tests.Characters.CharacterValidatorTests" name="DebilityBlocksMatchingMeterIncrease" />
    </UnitTest>
    <UnitTest name="CharacterManager.Backend.Unit.Tests.Characters.LocalJsonCharacterRepositoryTests.ListReportsInvalidJsonWithoutThrowing" storage="c:\users\eli\onedrive\documents\charactermanager\.codex-guy-backend-core\tests\backend\unit\bin\debug\net8.0\charactermanager.backend.unit.tests.dll" id="c19d8e7b-9d03-3164-3137-53480f81f3d5">
      <Execution id="27b27729-f248-4ad0-8144-8cee144de263" />
      <TestMethod codeBase="C:\Users\Eli\OneDrive\Documents\CharacterManager\.codex-guy-backend-core\tests\backend\Unit\bin\Debug\net8.0\CharacterManager.Backend.Unit.Tests.dll" adapterTypeName="executor://xunit/VsTestRunner2/netcoreapp" className="CharacterManager.Backend.Unit.Tests.Characters.LocalJsonCharacterRepositoryTests" name="ListReportsInvalidJsonWithoutThrowing" />
    </UnitTest>
    <UnitTest name="CharacterManager.Backend.Unit.Tests.Rolling.ActionRollTests.OutcomeIsStrongHitWhenActionScoreBeatsBothChallengeDice" storage="c:\users\eli\onedrive\documents\charactermanager\.codex-guy-backend-core\tests\backend\unit\bin\debug\net8.0\charactermanager.backend.unit.tests.dll" id="9c99d689-0bd9-8a5c-0e92-e0d2433f6d1a">
      <Execution id="0bafd3ad-bc56-4b68-a550-dbc34d19245e" />
      <TestMethod codeBase="C:\Users\Eli\OneDrive\Documents\CharacterManager\.codex-guy-backend-core\tests\backend\Unit\bin\Debug\net8.0\CharacterManager.Backend.Unit.Tests.dll" adapterTypeName="executor://xunit/VsTestRunner2/netcoreapp" className="CharacterManager.Backend.Unit.Tests.Rolling.ActionRollTests" name="OutcomeIsStrongHitWhenActionScoreBeatsBothChallengeDice" />
    </UnitTest>
    <UnitTest name="CharacterManager.Backend.Unit.Tests.Characters.LocalJsonCharacterRepositoryTests.DeleteRemovesPersistedCharacter" storage="c:\users\eli\onedrive\documents\charactermanager\.codex-guy-backend-core\tests\backend\unit\bin\debug\net8.0\charactermanager.backend.unit.tests.dll" id="88b8f4de-994e-1da4-080b-f34086b9af85">
      <Execution id="bbb46d82-37cd-495e-b527-bf65a7c73988" />
      <TestMethod codeBase="C:\Users\Eli\OneDrive\Documents\CharacterManager\.codex-guy-backend-core\tests\backend\Unit\bin\Debug\net8.0\CharacterManager.Backend.Unit.Tests.dll" adapterTypeName="executor://xunit/VsTestRunner2/netcoreapp" className="CharacterManager.Backend.Unit.Tests.Characters.LocalJsonCharacterRepositoryTests" name="DeleteRemovesPersistedCharacter" />
    </UnitTest>
    <UnitTest name="CharacterManager.Backend.Unit.Tests.Characters.CharacterValidatorTests.VowAndBondValidationUsesStructuredFields" storage="c:\users\eli\onedrive\documents\charactermanager\.codex-guy-backend-core\tests\backend\unit\bin\debug\net8.0\charactermanager.backend.unit.tests.dll" id="9c17b282-df8d-742d-126b-459397f06184">
      <Execution id="cc4b4465-f1d0-460f-8faa-3ec127f1e15e" />
      <TestMethod codeBase="C:\Users\Eli\OneDrive\Documents\CharacterManager\.codex-guy-backend-core\tests\backend\Unit\bin\Debug\net8.0\CharacterManager.Backend.Unit.Tests.dll" adapterTypeName="executor://xunit/VsTestRunner2/netcoreapp" className="CharacterManager.Backend.Unit.Tests.Characters.CharacterValidatorTests" name="VowAndBondValidationUsesStructuredFields" />
    </UnitTest>
    <UnitTest name="CharacterManager.Backend.Unit.Tests.Characters.CharacterValidatorTests.DuplicateAssetsAndMissingCompanionNameAreInvalid" storage="c:\users\eli\onedrive\documents\charactermanager\.codex-guy-backend-core\tests\backend\unit\bin\debug\net8.0\charactermanager.backend.unit.tests.dll" id="75b84d60-8db1-eb67-9fd3-b47c83b803ce">
      <Execution id="da9adbff-02a0-41aa-93e8-96a6a1e4fdb7" />
      <TestMethod codeBase="C:\Users\Eli\OneDrive\Documents\CharacterManager\.codex-guy-backend-core\tests\backend\Unit\bin\Debug\net8.0\CharacterManager.Backend.Unit.Tests.dll" adapterTypeName="executor://xunit/VsTestRunner2/netcoreapp" className="CharacterManager.Backend.Unit.Tests.Characters.CharacterValidatorTests" name="DuplicateAssetsAndMissingCompanionNameAreInvalid" />
    </UnitTest>
    <UnitTest name="CharacterManager.Backend.Unit.Tests.Characters.LocalJsonCharacterRepositoryTests.SavesAndLoadsCharacterRoundtrip" storage="c:\users\eli\onedrive\documents\charactermanager\.codex-guy-backend-core\tests\backend\unit\bin\debug\net8.0\charactermanager.backend.unit.tests.dll" id="5ecca942-fd99-be78-4d36-ac0cb651d2b4">
      <Execution id="a951d802-8697-487f-a84a-b7a1694b2f4e" />
      <TestMethod codeBase="C:\Users\Eli\OneDrive\Documents\CharacterManager\.codex-guy-backend-core\tests\backend\Unit\bin\Debug\net8.0\CharacterManager.Backend.Unit.Tests.dll" adapterTypeName="executor://xunit/VsTestRunner2/netcoreapp" className="CharacterManager.Backend.Unit.Tests.Characters.LocalJsonCharacterRepositoryTests" name="SavesAndLoadsCharacterRoundtrip" />
    </UnitTest>
    <UnitTest name="CharacterManager.Backend.Unit.Tests.Characters.CharacterValidatorTests.DraftCanBeIncompleteWithoutFinalizationErrors" storage="c:\users\eli\onedrive\documents\charactermanager\.codex-guy-backend-core\tests\backend\unit\bin\debug\net8.0\charactermanager.backend.unit.tests.dll" id="c04857b2-46e3-f1e6-d996-333f7ef87e95">
      <Execution id="6d278b45-7d47-416f-98fd-715c3bc02338" />
      <TestMethod codeBase="C:\Users\Eli\OneDrive\Documents\CharacterManager\.codex-guy-backend-core\tests\backend\Unit\bin\Debug\net8.0\CharacterManager.Backend.Unit.Tests.dll" adapterTypeName="executor://xunit/VsTestRunner2/netcoreapp" className="CharacterManager.Backend.Unit.Tests.Characters.CharacterValidatorTests" name="DraftCanBeIncompleteWithoutFinalizationErrors" />
    </UnitTest>
    <UnitTest name="CharacterManager.Backend.Unit.Tests.Characters.CharacterValidatorTests.MetersMustStayWithinZeroToFive" storage="c:\users\eli\onedrive\documents\charactermanager\.codex-guy-backend-core\tests\backend\unit\bin\debug\net8.0\charactermanager.backend.unit.tests.dll" id="9ae67305-948c-2915-027e-e4712182fdc2">
      <Execution id="bd4a6228-d196-4a66-96ac-41db7eb0fab4" />
      <TestMethod codeBase="C:\Users\Eli\OneDrive\Documents\CharacterManager\.codex-guy-backend-core\tests\backend\Unit\bin\Debug\net8.0\CharacterManager.Backend.Unit.Tests.dll" adapterTypeName="executor://xunit/VsTestRunner2/netcoreapp" className="CharacterManager.Backend.Unit.Tests.Characters.CharacterValidatorTests" name="MetersMustStayWithinZeroToFive" />
    </UnitTest>
    <UnitTest name="CharacterManager.Backend.Unit.Tests.Characters.CharacterValidatorTests.CompleteStandardCharacterIsValidForFinalization" storage="c:\users\eli\onedrive\documents\charactermanager\.codex-guy-backend-core\tests\backend\unit\bin\debug\net8.0\charactermanager.backend.unit.tests.dll" id="faf2c8cd-25f6-0f93-9352-2ca83fa6ae89">
      <Execution id="6926b260-03e2-4e7d-bfa8-fa78450202ee" />
      <TestMethod codeBase="C:\Users\Eli\OneDrive\Documents\CharacterManager\.codex-guy-backend-core\tests\backend\Unit\bin\Debug\net8.0\CharacterManager.Backend.Unit.Tests.dll" adapterTypeName="executor://xunit/VsTestRunner2/netcoreapp" className="CharacterManager.Backend.Unit.Tests.Characters.CharacterValidatorTests" name="CompleteStandardCharacterIsValidForFinalization" />
    </UnitTest>
    <UnitTest name="CharacterManager.Backend.Unit.Tests.Characters.CharacterValidatorTests.UnknownStatsAndDebilitiesAreErrors" storage="c:\users\eli\onedrive\documents\charactermanager\.codex-guy-backend-core\tests\backend\unit\bin\debug\net8.0\charactermanager.backend.unit.tests.dll" id="ee331188-17e9-0a1b-1fc7-1fc48408f89a">
      <Execution id="56b92029-2caf-4497-ada7-f46f9204fbe7" />
      <TestMethod codeBase="C:\Users\Eli\OneDrive\Documents\CharacterManager\.codex-guy-backend-core\tests\backend\Unit\bin\Debug\net8.0\CharacterManager.Backend.Unit.Tests.dll" adapterTypeName="executor://xunit/VsTestRunner2/netcoreapp" className="CharacterManager.Backend.Unit.Tests.Characters.CharacterValidatorTests" name="UnknownStatsAndDebilitiesAreErrors" />
    </UnitTest>
    <UnitTest name="CharacterManager.Backend.Unit.Tests.Characters.CharacterValidatorTests.FinalizedStandardCharacterRequiresStartingStatDistribution" storage="c:\users\eli\onedrive\documents\charactermanager\.codex-guy-backend-core\tests\backend\unit\bin\debug\net8.0\charactermanager.backend.unit.tests.dll" id="0e3503fe-03eb-3c72-aadc-6894f5d71293">
      <Execution id="fc362545-af46-4778-b396-8fe44de263c4" />
      <TestMethod codeBase="C:\Users\Eli\OneDrive\Documents\CharacterManager\.codex-guy-backend-core\tests\backend\Unit\bin\Debug\net8.0\CharacterManager.Backend.Unit.Tests.dll" adapterTypeName="executor://xunit/VsTestRunner2/netcoreapp" className="CharacterManager.Backend.Unit.Tests.Characters.CharacterValidatorTests" name="FinalizedStandardCharacterRequiresStartingStatDistribution" />
    </UnitTest>
    <UnitTest name="CharacterManager.Backend.Unit.Tests.Characters.CharacterValidatorTests.FinalizedStandardCharacterRequiresAllStats" storage="c:\users\eli\onedrive\documents\charactermanager\.codex-guy-backend-core\tests\backend\unit\bin\debug\net8.0\charactermanager.backend.unit.tests.dll" id="735a424c-3077-6b69-a915-eb87e739d9a2">
      <Execution id="ae6c5480-2bd2-4189-939a-b7312d5f1b10" />
      <TestMethod codeBase="C:\Users\Eli\OneDrive\Documents\CharacterManager\.codex-guy-backend-core\tests\backend\Unit\bin\Debug\net8.0\CharacterManager.Backend.Unit.Tests.dll" adapterTypeName="executor://xunit/VsTestRunner2/netcoreapp" className="CharacterManager.Backend.Unit.Tests.Characters.CharacterValidatorTests" name="FinalizedStandardCharacterRequiresAllStats" />
    </UnitTest>
    <UnitTest name="CharacterManager.Backend.Unit.Tests.Characters.CharacterValidatorTests.MomentumOutsideDerivedRangeIsInvalid" storage="c:\users\eli\onedrive\documents\charactermanager\.codex-guy-backend-core\tests\backend\unit\bin\debug\net8.0\charactermanager.backend.unit.tests.dll" id="7876fbd3-19f5-2e15-0408-a6824ae52b4f">
      <Execution id="9f5cf6a7-ea0e-47d7-99a9-afdfbdbb805b" />
      <TestMethod codeBase="C:\Users\Eli\OneDrive\Documents\CharacterManager\.codex-guy-backend-core\tests\backend\Unit\bin\Debug\net8.0\CharacterManager.Backend.Unit.Tests.dll" adapterTypeName="executor://xunit/VsTestRunner2/netcoreapp" className="CharacterManager.Backend.Unit.Tests.Characters.CharacterValidatorTests" name="MomentumOutsideDerivedRangeIsInvalid" />
    </UnitTest>
    <UnitTest name="CharacterManager.Backend.Unit.Tests.Characters.LocalJsonCharacterRepositoryTests.UnsupportedSchemaVersionIsLoadableButNeedsReview" storage="c:\users\eli\onedrive\documents\charactermanager\.codex-guy-backend-core\tests\backend\unit\bin\debug\net8.0\charactermanager.backend.unit.tests.dll" id="17546752-6482-c643-1d10-3a16c7d67276">
      <Execution id="4e7fd743-a95d-40e3-a47e-9b485e931390" />
      <TestMethod codeBase="C:\Users\Eli\OneDrive\Documents\CharacterManager\.codex-guy-backend-core\tests\backend\Unit\bin\Debug\net8.0\CharacterManager.Backend.Unit.Tests.dll" adapterTypeName="executor://xunit/VsTestRunner2/netcoreapp" className="CharacterManager.Backend.Unit.Tests.Characters.LocalJsonCharacterRepositoryTests" name="UnsupportedSchemaVersionIsLoadableButNeedsReview" />
    </UnitTest>
    <UnitTest name="CharacterManager.Backend.Unit.Tests.Characters.CharacterValidatorTests.ProgressTracksMustStayWithinFortyTicks" storage="c:\users\eli\onedrive\documents\charactermanager\.codex-guy-backend-core\tests\backend\unit\bin\debug\net8.0\charactermanager.backend.unit.tests.dll" id="747f734f-ee55-5f32-cd6d-559d484ce226">
      <Execution id="a29497bd-d5d3-4201-892f-f6261bff82ac" />
      <TestMethod codeBase="C:\Users\Eli\OneDrive\Documents\CharacterManager\.codex-guy-backend-core\tests\backend\Unit\bin\Debug\net8.0\CharacterManager.Backend.Unit.Tests.dll" adapterTypeName="executor://xunit/VsTestRunner2/netcoreapp" className="CharacterManager.Backend.Unit.Tests.Characters.CharacterValidatorTests" name="ProgressTracksMustStayWithinFortyTicks" />
    </UnitTest>
    <UnitTest name="CharacterManager.Backend.Unit.Tests.Characters.CharacterValidatorTests.FinalizedCharacterRequiresNameThreeAssetsAndActiveVow" storage="c:\users\eli\onedrive\documents\charactermanager\.codex-guy-backend-core\tests\backend\unit\bin\debug\net8.0\charactermanager.backend.unit.tests.dll" id="4e41cea3-eec2-1ac7-e5a5-68067cd47488">
      <Execution id="2aaf5b6d-8020-4046-b5d5-3cf181970049" />
      <TestMethod codeBase="C:\Users\Eli\OneDrive\Documents\CharacterManager\.codex-guy-backend-core\tests\backend\Unit\bin\Debug\net8.0\CharacterManager.Backend.Unit.Tests.dll" adapterTypeName="executor://xunit/VsTestRunner2/netcoreapp" className="CharacterManager.Backend.Unit.Tests.Characters.CharacterValidatorTests" name="FinalizedCharacterRequiresNameThreeAssetsAndActiveVow" />
    </UnitTest>
  </TestDefinitions>
  <TestEntries>
    <TestEntry testId="ea21e159-f66d-7300-4023-b2281978c2a8" executionId="805b0de5-b106-4747-bb5b-5e2d6112cf23" testListId="8c84fa94-04c1-424b-9868-57a2d4851a1d" />
    <TestEntry testId="735a424c-3077-6b69-a915-eb87e739d9a2" executionId="ae6c5480-2bd2-4189-939a-b7312d5f1b10" testListId="8c84fa94-04c1-424b-9868-57a2d4851a1d" />
    <TestEntry testId="17546752-6482-c643-1d10-3a16c7d67276" executionId="4e7fd743-a95d-40e3-a47e-9b485e931390" testListId="8c84fa94-04c1-424b-9868-57a2d4851a1d" />
    <TestEntry testId="a33a10ab-9945-b222-4546-656049989996" executionId="a24a09a9-e7f4-4b6c-87bb-77da6e32dc84" testListId="8c84fa94-04c1-424b-9868-57a2d4851a1d" />
    <TestEntry testId="ee331188-17e9-0a1b-1fc7-1fc48408f89a" executionId="56b92029-2caf-4497-ada7-f46f9204fbe7" testListId="8c84fa94-04c1-424b-9868-57a2d4851a1d" />
    <TestEntry testId="31328d30-35a0-25c7-9cc6-ed011f50a86c" executionId="1a4ce054-0020-4ad6-9ca6-958fb9285fdb" testListId="8c84fa94-04c1-424b-9868-57a2d4851a1d" />
    <TestEntry testId="5ecca942-fd99-be78-4d36-ac0cb651d2b4" executionId="a951d802-8697-487f-a84a-b7a1694b2f4e" testListId="8c84fa94-04c1-424b-9868-57a2d4851a1d" />
    <TestEntry testId="88b8f4de-994e-1da4-080b-f34086b9af85" executionId="bbb46d82-37cd-495e-b527-bf65a7c73988" testListId="8c84fa94-04c1-424b-9868-57a2d4851a1d" />
    <TestEntry testId="c04857b2-46e3-f1e6-d996-333f7ef87e95" executionId="6d278b45-7d47-416f-98fd-715c3bc02338" testListId="8c84fa94-04c1-424b-9868-57a2d4851a1d" />
    <TestEntry testId="747f734f-ee55-5f32-cd6d-559d484ce226" executionId="a29497bd-d5d3-4201-892f-f6261bff82ac" testListId="8c84fa94-04c1-424b-9868-57a2d4851a1d" />
    <TestEntry testId="9ae67305-948c-2915-027e-e4712182fdc2" executionId="bd4a6228-d196-4a66-96ac-41db7eb0fab4" testListId="8c84fa94-04c1-424b-9868-57a2d4851a1d" />
    <TestEntry testId="4e41cea3-eec2-1ac7-e5a5-68067cd47488" executionId="2aaf5b6d-8020-4046-b5d5-3cf181970049" testListId="8c84fa94-04c1-424b-9868-57a2d4851a1d" />
    <TestEntry testId="faf2c8cd-25f6-0f93-9352-2ca83fa6ae89" executionId="6926b260-03e2-4e7d-bfa8-fa78450202ee" testListId="8c84fa94-04c1-424b-9868-57a2d4851a1d" />
    <TestEntry testId="9c17b282-df8d-742d-126b-459397f06184" executionId="cc4b4465-f1d0-460f-8faa-3ec127f1e15e" testListId="8c84fa94-04c1-424b-9868-57a2d4851a1d" />
    <TestEntry testId="9c99d689-0bd9-8a5c-0e92-e0d2433f6d1a" executionId="0bafd3ad-bc56-4b68-a550-dbc34d19245e" testListId="8c84fa94-04c1-424b-9868-57a2d4851a1d" />
    <TestEntry testId="0e3503fe-03eb-3c72-aadc-6894f5d71293" executionId="fc362545-af46-4778-b396-8fe44de263c4" testListId="8c84fa94-04c1-424b-9868-57a2d4851a1d" />
    <TestEntry testId="236744a4-0b11-4a3b-adc3-845b06e2b880" executionId="120bab68-0ab3-4cdb-ae51-cdd0f3b826e2" testListId="8c84fa94-04c1-424b-9868-57a2d4851a1d" />
    <TestEntry testId="8a24a513-dcf4-4c30-c2ef-cbd081642021" executionId="3e642f50-ed5d-43e2-a442-7a9ababde0a3" testListId="8c84fa94-04c1-424b-9868-57a2d4851a1d" />
    <TestEntry testId="c19d8e7b-9d03-3164-3137-53480f81f3d5" executionId="27b27729-f248-4ad0-8144-8cee144de263" testListId="8c84fa94-04c1-424b-9868-57a2d4851a1d" />
    <TestEntry testId="75b84d60-8db1-eb67-9fd3-b47c83b803ce" executionId="da9adbff-02a0-41aa-93e8-96a6a1e4fdb7" testListId="8c84fa94-04c1-424b-9868-57a2d4851a1d" />
    <TestEntry testId="d7b47673-31e0-9171-3a3d-64a585676852" executionId="395c79e9-71a0-439c-bcbe-365810297d0e" testListId="8c84fa94-04c1-424b-9868-57a2d4851a1d" />
    <TestEntry testId="7876fbd3-19f5-2e15-0408-a6824ae52b4f" executionId="9f5cf6a7-ea0e-47d7-99a9-afdfbdbb805b" testListId="8c84fa94-04c1-424b-9868-57a2d4851a1d" />
  </TestEntries>
  <TestLists>
    <TestList name="Results Not in a List" id="8c84fa94-04c1-424b-9868-57a2d4851a1d" />
    <TestList name="All Loaded Results" id="19431567-8539-422a-85d7-44ee4e166bda" />
  </TestLists>
  <ResultSummary outcome="Completed">
    <Counters total="22" executed="22" passed="22" failed="0" error="0" timeout="0" aborted="0" inconclusive="0" passedButRunAborted="0" notRunnable="0" notExecuted="0" disconnected="0" warning="0" completed="0" inProgress="0" pending="0" />
    <Output>
      <StdOut>[xUnit.net 00:00:00.00] xUnit.net VSTest Adapter v2.8.2+699d445a1a (64-bit .NET 8.0.27)&#xD;
[xUnit.net 00:00:00.07]   Discovering: CharacterManager.Backend.Unit.Tests&#xD;
[xUnit.net 00:00:00.09]   Discovered:  CharacterManager.Backend.Unit.Tests&#xD;
[xUnit.net 00:00:00.09]   Starting:    CharacterManager.Backend.Unit.Tests&#xD;
[xUnit.net 00:00:00.26]   Finished:    CharacterManager.Backend.Unit.Tests&#xD;
</StdOut>
    </Output>
    <CollectorDataEntries>
      <Collector agentName="DESKTOP-OMOJ29N" uri="datacollector://microsoft/CoverletCodeCoverage/1.0" collectorDisplayName="XPlat code coverage">
        <UriAttachments>
          <UriAttachment>
            <A href="DESKTOP-OMOJ29N\coverage.cobertura.xml"></A>
          </UriAttachment>
        </UriAttachments>
      </Collector>
    </CollectorDataEntries>
  </ResultSummary>
</TestRun>