<?xml version="1.0" encoding="utf-8"?>
<TestRun id="7c064f37-6bbc-481d-8898-e34b7ab70efc" name="Eli@DESKTOP-OMOJ29N 2026-06-06 09:41:06" runUser="DESKTOP-OMOJ29N\Eli" xmlns="http://microsoft.com/schemas/VisualStudio/TeamTest/2010">
  <Times creation="2026-06-06T09:41:06.0558927+03:00" queuing="2026-06-06T09:41:06.0558930+03:00" start="2026-06-06T09:41:02.3813739+03:00" finish="2026-06-06T09:41:06.0597073+03:00" />
  <TestSettings name="default" id="4e9b8ff8-93b6-4b7f-8c5d-0864f1886182">
    <Deployment runDeploymentRoot="Eli_DESKTOP-OMOJ29N_2026-06-06_09_41_06" />
  </TestSettings>
  <Results>
    <UnitTestResult executionId="f489be4d-6b8a-4d58-940d-231c0f3aba36" testId="110ddca3-6673-9a65-dc26-66b668420721" testName="CharacterManager.Backend.E2E.Tests.BackendApiLifecycleTests.HealthAndCompatibilityRollEndpointWork" computerName="DESKTOP-OMOJ29N" duration="00:00:00.0253556" startTime="2026-06-06T09:41:05.5784434+03:00" endTime="2026-06-06T09:41:05.5784436+03:00" testType="13cdc9d9-ddb5-4fa4-a97d-d965ccfc6d4b" outcome="Passed" testListId="8c84fa94-04c1-424b-9868-57a2d4851a1d" relativeResultsDirectory="f489be4d-6b8a-4d58-940d-231c0f3aba36" />
    <UnitTestResult executionId="19fee7e4-ebba-437f-b065-f3350f9a90cc" testId="a1dc9a98-ef03-fef6-87ad-b7ed51cdabf7" testName="CharacterManager.Backend.E2E.Tests.BackendApiLifecycleTests.RulesetEndpointsReturnMvpIronswornMetadata" computerName="DESKTOP-OMOJ29N" duration="00:00:00.0416301" startTime="2026-06-06T09:41:05.5526603+03:00" endTime="2026-06-06T09:41:05.5526606+03:00" testType="13cdc9d9-ddb5-4fa4-a97d-d965ccfc6d4b" outcome="Passed" testListId="8c84fa94-04c1-424b-9868-57a2d4851a1d" relativeResultsDirectory="19fee7e4-ebba-437f-b065-f3350f9a90cc" />
    <UnitTestResult executionId="013de9d6-60a5-4de6-8c1b-6372866b5379" testId="a2312fa7-ead8-0a4f-929a-4e30f1538cd1" testName="CharacterManager.Backend.E2E.Tests.BackendApiLifecycleTests.BlockedMeterIncreaseReturnsValidationResponse" computerName="DESKTOP-OMOJ29N" duration="00:00:00.0337659" startTime="2026-06-06T09:41:05.6518779+03:00" endTime="2026-06-06T09:41:05.6518781+03:00" testType="13cdc9d9-ddb5-4fa4-a97d-d965ccfc6d4b" outcome="Passed" testListId="8c84fa94-04c1-424b-9868-57a2d4851a1d" relativeResultsDirectory="013de9d6-60a5-4de6-8c1b-6372866b5379" />
    <UnitTestResult executionId="3e8c6a08-8fbd-46e7-89f5-ce7defa9182d" testId="a875132b-0b8e-5250-43ca-2193ed10a43c" testName="CharacterManager.Backend.E2E.Tests.BackendApiLifecycleTests.InvalidPersistedJsonIsListedSafely" computerName="DESKTOP-OMOJ29N" duration="00:00:00.0390451" startTime="2026-06-06T09:41:05.6177732+03:00" endTime="2026-06-06T09:41:05.6177733+03:00" testType="13cdc9d9-ddb5-4fa4-a97d-d965ccfc6d4b" outcome="Passed" testListId="8c84fa94-04c1-424b-9868-57a2d4851a1d" relativeResultsDirectory="3e8c6a08-8fbd-46e7-89f5-ce7defa9182d" />
    <UnitTestResult executionId="2fe81f4d-b734-421a-9650-9732688d3c16" testId="7cf67af1-55e9-180b-5567-79fac37e4f9d" testName="CharacterManager.Backend.E2E.Tests.BackendApiLifecycleTests.NotFoundAndBadRequestEndpointsReturnErrorEnvelopes" computerName="DESKTOP-OMOJ29N" duration="00:00:00.0572151" startTime="2026-06-06T09:41:05.4467625+03:00" endTime="2026-06-06T09:41:05.4467628+03:00" testType="13cdc9d9-ddb5-4fa4-a97d-d965ccfc6d4b" outcome="Passed" testListId="8c84fa94-04c1-424b-9868-57a2d4851a1d" relativeResultsDirectory="2fe81f4d-b734-421a-9650-9732688d3c16" />
    <UnitTestResult executionId="f298e7ef-018f-4103-9a30-7ac857edd5f9" testId="f0d90da1-543a-2d63-b842-9499ca77700a" testName="CharacterManager.Backend.E2E.Tests.BackendApiLifecycleTests.FinalizeWithOnlyBackgroundVowReturnsIncitingVowValidationError" computerName="DESKTOP-OMOJ29N" duration="00:00:00.0356292" startTime="2026-06-06T09:41:05.7297276+03:00" endTime="2026-06-06T09:41:05.7297277+03:00" testType="13cdc9d9-ddb5-4fa4-a97d-d965ccfc6d4b" outcome="Passed" testListId="8c84fa94-04c1-424b-9868-57a2d4851a1d" relativeResultsDirectory="f298e7ef-018f-4103-9a30-7ac857edd5f9" />
    <UnitTestResult executionId="0e1ac3ef-1c27-470f-850a-d00fd1ac6e69" testId="8e6f0db5-cea3-efe0-243a-0bd6889e0125" testName="CharacterManager.Backend.E2E.Tests.BackendApiLifecycleTests.CreateDraftPersistsJsonAndSurvivesApiFactoryRestart" computerName="DESKTOP-OMOJ29N" duration="00:00:00.0632029" startTime="2026-06-06T09:41:05.5103735+03:00" endTime="2026-06-06T09:41:05.5103738+03:00" testType="13cdc9d9-ddb5-4fa4-a97d-d965ccfc6d4b" outcome="Passed" testListId="8c84fa94-04c1-424b-9868-57a2d4851a1d" relativeResultsDirectory="0e1ac3ef-1c27-470f-850a-d00fd1ac6e69" />
    <UnitTestResult executionId="945b43c4-62ba-4bbb-8579-d3e33ef0a18c" testId="91fb005e-e54f-11c7-f821-fcfe1107e10f" testName="CharacterManager.Backend.E2E.Tests.BackendApiLifecycleTests.FinalizeIncompleteDraftReturnsStructuredValidationErrors" computerName="DESKTOP-OMOJ29N" duration="00:00:00.2989988" startTime="2026-06-06T09:41:05.3885574+03:00" endTime="2026-06-06T09:41:05.3885721+03:00" testType="13cdc9d9-ddb5-4fa4-a97d-d965ccfc6d4b" outcome="Passed" testListId="8c84fa94-04c1-424b-9868-57a2d4851a1d" relativeResultsDirectory="945b43c4-62ba-4bbb-8579-d3e33ef0a18c" />
    <UnitTestResult executionId="a8cd85dd-755b-4f44-8561-eb50375d6f61" testId="a7b42b05-473e-458a-3b3c-7fbd887ccc6c" testName="CharacterManager.Backend.E2E.Tests.BackendApiLifecycleTests.CompleteCharacterCanBeUpdatedValidatedFinalizedListedAndDeleted" computerName="DESKTOP-OMOJ29N" duration="00:00:00.0414817" startTime="2026-06-06T09:41:05.6937223+03:00" endTime="2026-06-06T09:41:05.6937224+03:00" testType="13cdc9d9-ddb5-4fa4-a97d-d965ccfc6d4b" outcome="Passed" testListId="8c84fa94-04c1-424b-9868-57a2d4851a1d" relativeResultsDirectory="a8cd85dd-755b-4f44-8561-eb50375d6f61" />
  </Results>
  <TestDefinitions>
    <UnitTest name="CharacterManager.Backend.E2E.Tests.BackendApiLifecycleTests.RulesetEndpointsReturnMvpIronswornMetadata" storage="d:\git\charactermanager\tests\backend\e2e\bin\debug\net8.0\charactermanager.backend.e2e.tests.dll" id="a1dc9a98-ef03-fef6-87ad-b7ed51cdabf7">
      <Execution id="19fee7e4-ebba-437f-b065-f3350f9a90cc" />
      <TestMethod codeBase="D:\GIT\CharacterManager\tests\backend\E2E\bin\Debug\net8.0\CharacterManager.Backend.E2E.Tests.dll" adapterTypeName="executor://xunit/VsTestRunner2/netcoreapp" className="CharacterManager.Backend.E2E.Tests.BackendApiLifecycleTests" name="RulesetEndpointsReturnMvpIronswornMetadata" />
    </UnitTest>
    <UnitTest name="CharacterManager.Backend.E2E.Tests.BackendApiLifecycleTests.CompleteCharacterCanBeUpdatedValidatedFinalizedListedAndDeleted" storage="d:\git\charactermanager\tests\backend\e2e\bin\debug\net8.0\charactermanager.backend.e2e.tests.dll" id="a7b42b05-473e-458a-3b3c-7fbd887ccc6c">
      <Execution id="a8cd85dd-755b-4f44-8561-eb50375d6f61" />
      <TestMethod codeBase="D:\GIT\CharacterManager\tests\backend\E2E\bin\Debug\net8.0\CharacterManager.Backend.E2E.Tests.dll" adapterTypeName="executor://xunit/VsTestRunner2/netcoreapp" className="CharacterManager.Backend.E2E.Tests.BackendApiLifecycleTests" name="CompleteCharacterCanBeUpdatedValidatedFinalizedListedAndDeleted" />
    </UnitTest>
    <UnitTest name="CharacterManager.Backend.E2E.Tests.BackendApiLifecycleTests.BlockedMeterIncreaseReturnsValidationResponse" storage="d:\git\charactermanager\tests\backend\e2e\bin\debug\net8.0\charactermanager.backend.e2e.tests.dll" id="a2312fa7-ead8-0a4f-929a-4e30f1538cd1">
      <Execution id="013de9d6-60a5-4de6-8c1b-6372866b5379" />
      <TestMethod codeBase="D:\GIT\CharacterManager\tests\backend\E2E\bin\Debug\net8.0\CharacterManager.Backend.E2E.Tests.dll" adapterTypeName="executor://xunit/VsTestRunner2/netcoreapp" className="CharacterManager.Backend.E2E.Tests.BackendApiLifecycleTests" name="BlockedMeterIncreaseReturnsValidationResponse" />
    </UnitTest>
    <UnitTest name="CharacterManager.Backend.E2E.Tests.BackendApiLifecycleTests.InvalidPersistedJsonIsListedSafely" storage="d:\git\charactermanager\tests\backend\e2e\bin\debug\net8.0\charactermanager.backend.e2e.tests.dll" id="a875132b-0b8e-5250-43ca-2193ed10a43c">
      <Execution id="3e8c6a08-8fbd-46e7-89f5-ce7defa9182d" />
      <TestMethod codeBase="D:\GIT\CharacterManager\tests\backend\E2E\bin\Debug\net8.0\CharacterManager.Backend.E2E.Tests.dll" adapterTypeName="executor://xunit/VsTestRunner2/netcoreapp" className="CharacterManager.Backend.E2E.Tests.BackendApiLifecycleTests" name="InvalidPersistedJsonIsListedSafely" />
    </UnitTest>
    <UnitTest name="CharacterManager.Backend.E2E.Tests.BackendApiLifecycleTests.HealthAndCompatibilityRollEndpointWork" storage="d:\git\charactermanager\tests\backend\e2e\bin\debug\net8.0\charactermanager.backend.e2e.tests.dll" id="110ddca3-6673-9a65-dc26-66b668420721">
      <Execution id="f489be4d-6b8a-4d58-940d-231c0f3aba36" />
      <TestMethod codeBase="D:\GIT\CharacterManager\tests\backend\E2E\bin\Debug\net8.0\CharacterManager.Backend.E2E.Tests.dll" adapterTypeName="executor://xunit/VsTestRunner2/netcoreapp" className="CharacterManager.Backend.E2E.Tests.BackendApiLifecycleTests" name="HealthAndCompatibilityRollEndpointWork" />
    </UnitTest>
    <UnitTest name="CharacterManager.Backend.E2E.Tests.BackendApiLifecycleTests.FinalizeIncompleteDraftReturnsStructuredValidationErrors" storage="d:\git\charactermanager\tests\backend\e2e\bin\debug\net8.0\charactermanager.backend.e2e.tests.dll" id="91fb005e-e54f-11c7-f821-fcfe1107e10f">
      <Execution id="945b43c4-62ba-4bbb-8579-d3e33ef0a18c" />
      <TestMethod codeBase="D:\GIT\CharacterManager\tests\backend\E2E\bin\Debug\net8.0\CharacterManager.Backend.E2E.Tests.dll" adapterTypeName="executor://xunit/VsTestRunner2/netcoreapp" className="CharacterManager.Backend.E2E.Tests.BackendApiLifecycleTests" name="FinalizeIncompleteDraftReturnsStructuredValidationErrors" />
    </UnitTest>
    <UnitTest name="CharacterManager.Backend.E2E.Tests.BackendApiLifecycleTests.FinalizeWithOnlyBackgroundVowReturnsIncitingVowValidationError" storage="d:\git\charactermanager\tests\backend\e2e\bin\debug\net8.0\charactermanager.backend.e2e.tests.dll" id="f0d90da1-543a-2d63-b842-9499ca77700a">
      <Execution id="f298e7ef-018f-4103-9a30-7ac857edd5f9" />
      <TestMethod codeBase="D:\GIT\CharacterManager\tests\backend\E2E\bin\Debug\net8.0\CharacterManager.Backend.E2E.Tests.dll" adapterTypeName="executor://xunit/VsTestRunner2/netcoreapp" className="CharacterManager.Backend.E2E.Tests.BackendApiLifecycleTests" name="FinalizeWithOnlyBackgroundVowReturnsIncitingVowValidationError" />
    </UnitTest>
    <UnitTest name="CharacterManager.Backend.E2E.Tests.BackendApiLifecycleTests.CreateDraftPersistsJsonAndSurvivesApiFactoryRestart" storage="d:\git\charactermanager\tests\backend\e2e\bin\debug\net8.0\charactermanager.backend.e2e.tests.dll" id="8e6f0db5-cea3-efe0-243a-0bd6889e0125">
      <Execution id="0e1ac3ef-1c27-470f-850a-d00fd1ac6e69" />
      <TestMethod codeBase="D:\GIT\CharacterManager\tests\backend\E2E\bin\Debug\net8.0\CharacterManager.Backend.E2E.Tests.dll" adapterTypeName="executor://xunit/VsTestRunner2/netcoreapp" className="CharacterManager.Backend.E2E.Tests.BackendApiLifecycleTests" name="CreateDraftPersistsJsonAndSurvivesApiFactoryRestart" />
    </UnitTest>
    <UnitTest name="CharacterManager.Backend.E2E.Tests.BackendApiLifecycleTests.NotFoundAndBadRequestEndpointsReturnErrorEnvelopes" storage="d:\git\charactermanager\tests\backend\e2e\bin\debug\net8.0\charactermanager.backend.e2e.tests.dll" id="7cf67af1-55e9-180b-5567-79fac37e4f9d">
      <Execution id="2fe81f4d-b734-421a-9650-9732688d3c16" />
      <TestMethod codeBase="D:\GIT\CharacterManager\tests\backend\E2E\bin\Debug\net8.0\CharacterManager.Backend.E2E.Tests.dll" adapterTypeName="executor://xunit/VsTestRunner2/netcoreapp" className="CharacterManager.Backend.E2E.Tests.BackendApiLifecycleTests" name="NotFoundAndBadRequestEndpointsReturnErrorEnvelopes" />
    </UnitTest>
  </TestDefinitions>
  <TestEntries>
    <TestEntry testId="110ddca3-6673-9a65-dc26-66b668420721" executionId="f489be4d-6b8a-4d58-940d-231c0f3aba36" testListId="8c84fa94-04c1-424b-9868-57a2d4851a1d" />
    <TestEntry testId="a1dc9a98-ef03-fef6-87ad-b7ed51cdabf7" executionId="19fee7e4-ebba-437f-b065-f3350f9a90cc" testListId="8c84fa94-04c1-424b-9868-57a2d4851a1d" />
    <TestEntry testId="a2312fa7-ead8-0a4f-929a-4e30f1538cd1" executionId="013de9d6-60a5-4de6-8c1b-6372866b5379" testListId="8c84fa94-04c1-424b-9868-57a2d4851a1d" />
    <TestEntry testId="a875132b-0b8e-5250-43ca-2193ed10a43c" executionId="3e8c6a08-8fbd-46e7-89f5-ce7defa9182d" testListId="8c84fa94-04c1-424b-9868-57a2d4851a1d" />
    <TestEntry testId="7cf67af1-55e9-180b-5567-79fac37e4f9d" executionId="2fe81f4d-b734-421a-9650-9732688d3c16" testListId="8c84fa94-04c1-424b-9868-57a2d4851a1d" />
    <TestEntry testId="f0d90da1-543a-2d63-b842-9499ca77700a" executionId="f298e7ef-018f-4103-9a30-7ac857edd5f9" testListId="8c84fa94-04c1-424b-9868-57a2d4851a1d" />
    <TestEntry testId="8e6f0db5-cea3-efe0-243a-0bd6889e0125" executionId="0e1ac3ef-1c27-470f-850a-d00fd1ac6e69" testListId="8c84fa94-04c1-424b-9868-57a2d4851a1d" />
    <TestEntry testId="91fb005e-e54f-11c7-f821-fcfe1107e10f" executionId="945b43c4-62ba-4bbb-8579-d3e33ef0a18c" testListId="8c84fa94-04c1-424b-9868-57a2d4851a1d" />
    <TestEntry testId="a7b42b05-473e-458a-3b3c-7fbd887ccc6c" executionId="a8cd85dd-755b-4f44-8561-eb50375d6f61" testListId="8c84fa94-04c1-424b-9868-57a2d4851a1d" />
  </TestEntries>
  <TestLists>
    <TestList name="Results Not in a List" id="8c84fa94-04c1-424b-9868-57a2d4851a1d" />
    <TestList name="All Loaded Results" id="19431567-8539-422a-85d7-44ee4e166bda" />
  </TestLists>
  <ResultSummary outcome="Completed">
    <Counters total="9" executed="9" passed="9" failed="0" error="0" timeout="0" aborted="0" inconclusive="0" passedButRunAborted="0" notRunnable="0" notExecuted="0" disconnected="0" warning="0" completed="0" inProgress="0" pending="0" />
    <Output>
      <StdOut>[xUnit.net 00:00:00.00] xUnit.net VSTest Adapter v2.8.2+699d445a1a (64-bit .NET 8.0.27)&#xD;
[xUnit.net 00:00:00.07]   Discovering: CharacterManager.Backend.E2E.Tests&#xD;
[xUnit.net 00:00:00.09]   Discovered:  CharacterManager.Backend.E2E.Tests&#xD;
[xUnit.net 00:00:00.10]   Starting:    CharacterManager.Backend.E2E.Tests&#xD;
info: Microsoft.AspNetCore.Hosting.Diagnostics[1]&#xD;
      Request starting HTTP/1.1 POST http://localhost/api/v1/characters/drafts - application/json;+charset=utf-8 25&#xD;
info: Microsoft.AspNetCore.Routing.EndpointMiddleware[0]&#xD;
      Executing endpoint 'HTTP: POST /api/v1/characters/drafts'&#xD;
info: Microsoft.AspNetCore.Http.Result.CreatedResult[1]&#xD;
      Setting HTTP status code 201.&#xD;
info: Microsoft.AspNetCore.Http.Result.CreatedResult[3]&#xD;
      Writing value of type 'CharacterDto' as Json.&#xD;
info: Microsoft.AspNetCore.Routing.EndpointMiddleware[1]&#xD;
      Executed endpoint 'HTTP: POST /api/v1/characters/drafts'&#xD;
info: Microsoft.AspNetCore.Hosting.Diagnostics[2]&#xD;
      Request finished HTTP/1.1 POST http://localhost/api/v1/characters/drafts - 201 - application/json;+charset=utf-8 112.6538ms&#xD;
info: Microsoft.AspNetCore.Hosting.Diagnostics[1]&#xD;
      Request starting HTTP/1.1 POST http://localhost/api/v1/characters/0de40dda-05b5-47c7-a35a-777b977fec2a/finalize - application/json;+charset=utf-8 22&#xD;
info: Microsoft.AspNetCore.Routing.EndpointMiddleware[0]&#xD;
      Executing endpoint 'HTTP: POST /api/v1/characters/{characterId:guid}/finalize'&#xD;
info: Microsoft.AspNetCore.Http.Result.BadRequestObjectResult[1]&#xD;
      Setting HTTP status code 400.&#xD;
info: Microsoft.AspNetCore.Http.Result.BadRequestObjectResult[3]&#xD;
      Writing value of type 'ValidationResultDto' as Json.&#xD;
info: Microsoft.AspNetCore.Routing.EndpointMiddleware[1]&#xD;
      Executed endpoint 'HTTP: POST /api/v1/characters/{characterId:guid}/finalize'&#xD;
info: Microsoft.AspNetCore.Hosting.Diagnostics[2]&#xD;
      Request finished HTTP/1.1 POST http://localhost/api/v1/characters/0de40dda-05b5-47c7-a35a-777b977fec2a/finalize - 400 - application/json;+charset=utf-8 30.7287ms&#xD;
info: Microsoft.AspNetCore.Hosting.Diagnostics[1]&#xD;
      Request starting HTTP/1.1 POST http://localhost/api/v1/characters/drafts - application/json;+charset=utf-8 25&#xD;
info: Microsoft.AspNetCore.Routing.EndpointMiddleware[0]&#xD;
      Executing endpoint 'HTTP: POST /api/v1/characters/drafts'&#xD;
info: Microsoft.AspNetCore.Http.Result.CreatedResult[1]&#xD;
      Setting HTTP status code 201.&#xD;
info: Microsoft.AspNetCore.Http.Result.CreatedResult[3]&#xD;
      Writing value of type 'CharacterDto' as Json.&#xD;
info: Microsoft.AspNetCore.Routing.EndpointMiddleware[1]&#xD;
      Executed endpoint 'HTTP: POST /api/v1/characters/drafts'&#xD;
info: Microsoft.AspNetCore.Hosting.Diagnostics[2]&#xD;
      Request finished HTTP/1.1 POST http://localhost/api/v1/characters/drafts - 201 - application/json;+charset=utf-8 19.9460ms&#xD;
info: Microsoft.AspNetCore.Hosting.Diagnostics[1]&#xD;
      Request starting HTTP/1.1 GET http://localhost/api/v1/rulesets/missing - - -&#xD;
info: Microsoft.AspNetCore.Routing.EndpointMiddleware[0]&#xD;
      Executing endpoint 'HTTP: GET /api/v1/rulesets/{rulesetId}'&#xD;
info: Microsoft.AspNetCore.Http.Result.NotFoundObjectResult[1]&#xD;
      Setting HTTP status code 404.&#xD;
info: Microsoft.AspNetCore.Http.Result.NotFoundObjectResult[3]&#xD;
      Writing value of type 'ErrorEnvelopeDto' as Json.&#xD;
info: Microsoft.AspNetCore.Routing.EndpointMiddleware[1]&#xD;
      Executed endpoint 'HTTP: GET /api/v1/rulesets/{rulesetId}'&#xD;
info: Microsoft.AspNetCore.Hosting.Diagnostics[2]&#xD;
      Request finished HTTP/1.1 GET http://localhost/api/v1/rulesets/missing - 404 - application/json;+charset=utf-8 3.0028ms&#xD;
info: Microsoft.AspNetCore.Hosting.Diagnostics[1]&#xD;
      Request starting HTTP/1.1 GET http://localhost/api/v1/characters/e87d79c0-a4c4-462a-8cee-d3dfc79c574a - - -&#xD;
info: Microsoft.AspNetCore.Routing.EndpointMiddleware[0]&#xD;
      Executing endpoint 'HTTP: GET /api/v1/characters/{characterId:guid}'&#xD;
info: Microsoft.AspNetCore.Http.Result.NotFoundObjectResult[1]&#xD;
      Setting HTTP status code 404.&#xD;
info: Microsoft.AspNetCore.Http.Result.NotFoundObjectResult[3]&#xD;
      Writing value of type 'ErrorEnvelopeDto' as Json.&#xD;
info: Microsoft.AspNetCore.Routing.EndpointMiddleware[1]&#xD;
      Executed endpoint 'HTTP: GET /api/v1/characters/{characterId:guid}'&#xD;
info: Microsoft.AspNetCore.Hosting.Diagnostics[2]&#xD;
      Request finished HTTP/1.1 GET http://localhost/api/v1/characters/e87d79c0-a4c4-462a-8cee-d3dfc79c574a - 404 - application/json;+charset=utf-8 1.0804ms&#xD;
info: Microsoft.AspNetCore.Hosting.Diagnostics[1]&#xD;
      Request starting HTTP/1.1 PUT http://localhost/api/v1/characters/e041fb3d-838c-4464-b698-8d8ba22e74fe - application/json;+charset=utf-8 2218&#xD;
info: Microsoft.AspNetCore.Routing.EndpointMiddleware[0]&#xD;
      Executing endpoint 'HTTP: PUT /api/v1/characters/{characterId:guid}'&#xD;
info: Microsoft.AspNetCore.Http.Result.BadRequestObjectResult[1]&#xD;
      Setting HTTP status code 400.&#xD;
info: Microsoft.AspNetCore.Http.Result.BadRequestObjectResult[3]&#xD;
      Writing value of type 'ErrorEnvelopeDto' as Json.&#xD;
info: Microsoft.AspNetCore.Routing.EndpointMiddleware[1]&#xD;
      Executed endpoint 'HTTP: PUT /api/v1/characters/{characterId:guid}'&#xD;
info: Microsoft.AspNetCore.Hosting.Diagnostics[2]&#xD;
      Request finished HTTP/1.1 PUT http://localhost/api/v1/characters/e041fb3d-838c-4464-b698-8d8ba22e74fe - 400 - application/json;+charset=utf-8 4.0231ms&#xD;
info: Microsoft.AspNetCore.Hosting.Diagnostics[1]&#xD;
      Request starting HTTP/1.1 DELETE http://localhost/api/v1/characters/072945e9-a2a3-4342-943a-e49ce7a2ac48 - - -&#xD;
info: Microsoft.AspNetCore.Routing.EndpointMiddleware[0]&#xD;
      Executing endpoint 'HTTP: DELETE /api/v1/characters/{characterId:guid}'&#xD;
info: Microsoft.AspNetCore.Http.Result.NotFoundObjectResult[1]&#xD;
      Setting HTTP status code 404.&#xD;
info: Microsoft.AspNetCore.Http.Result.NotFoundObjectResult[3]&#xD;
      Writing value of type 'ErrorEnvelopeDto' as Json.&#xD;
info: Microsoft.AspNetCore.Routing.EndpointMiddleware[1]&#xD;
      Executed endpoint 'HTTP: DELETE /api/v1/characters/{characterId:guid}'&#xD;
info: Microsoft.AspNetCore.Hosting.Diagnostics[2]&#xD;
      Request finished HTTP/1.1 DELETE http://localhost/api/v1/characters/072945e9-a2a3-4342-943a-e49ce7a2ac48 - 404 - application/json;+charset=utf-8 0.8956ms&#xD;
info: Microsoft.AspNetCore.Hosting.Diagnostics[1]&#xD;
      Request starting HTTP/1.1 POST http://localhost/api/v1/characters/drafts - application/json;+charset=utf-8 25&#xD;
info: Microsoft.AspNetCore.Routing.EndpointMiddleware[0]&#xD;
      Executing endpoint 'HTTP: POST /api/v1/characters/drafts'&#xD;
info: Microsoft.AspNetCore.Http.Result.CreatedResult[1]&#xD;
      Setting HTTP status code 201.&#xD;
info: Microsoft.AspNetCore.Http.Result.CreatedResult[3]&#xD;
      Writing value of type 'CharacterDto' as Json.&#xD;
info: Microsoft.AspNetCore.Routing.EndpointMiddleware[1]&#xD;
      Executed endpoint 'HTTP: POST /api/v1/characters/drafts'&#xD;
info: Microsoft.AspNetCore.Hosting.Diagnostics[2]&#xD;
      Request finished HTTP/1.1 POST http://localhost/api/v1/characters/drafts - 201 - application/json;+charset=utf-8 23.0297ms&#xD;
info: Microsoft.AspNetCore.Hosting.Diagnostics[1]&#xD;
      Request starting HTTP/1.1 GET http://localhost/api/v1/characters/8ec70586-3db2-4ea5-a10a-c72ab864cd4b - - -&#xD;
info: Microsoft.AspNetCore.Routing.EndpointMiddleware[0]&#xD;
      Executing endpoint 'HTTP: GET /api/v1/characters/{characterId:guid}'&#xD;
info: Microsoft.AspNetCore.Http.Result.OkObjectResult[1]&#xD;
      Setting HTTP status code 200.&#xD;
info: Microsoft.AspNetCore.Http.Result.OkObjectResult[3]&#xD;
      Writing value of type 'CharacterDto' as Json.&#xD;
info: Microsoft.AspNetCore.Routing.EndpointMiddleware[1]&#xD;
      Executed endpoint 'HTTP: GET /api/v1/characters/{characterId:guid}'&#xD;
info: Microsoft.AspNetCore.Hosting.Diagnostics[2]&#xD;
      Request finished HTTP/1.1 GET http://localhost/api/v1/characters/8ec70586-3db2-4ea5-a10a-c72ab864cd4b - 200 - application/json;+charset=utf-8 17.0230ms&#xD;
info: Microsoft.AspNetCore.Hosting.Diagnostics[1]&#xD;
      Request starting HTTP/1.1 GET http://localhost/api/v1/characters - - -&#xD;
info: Microsoft.AspNetCore.Routing.EndpointMiddleware[0]&#xD;
      Executing endpoint 'HTTP: GET /api/v1/characters'&#xD;
info: Microsoft.AspNetCore.Http.Result.OkObjectResult[1]&#xD;
      Setting HTTP status code 200.&#xD;
info: Microsoft.AspNetCore.Http.Result.OkObjectResult[3]&#xD;
      Writing value of type 'CharacterListDto' as Json.&#xD;
info: Microsoft.AspNetCore.Routing.EndpointMiddleware[1]&#xD;
      Executed endpoint 'HTTP: GET /api/v1/characters'&#xD;
info: Microsoft.AspNetCore.Hosting.Diagnostics[2]&#xD;
      Request finished HTTP/1.1 GET http://localhost/api/v1/characters - 200 - application/json;+charset=utf-8 10.0134ms&#xD;
info: Microsoft.AspNetCore.Hosting.Diagnostics[1]&#xD;
      Request starting HTTP/1.1 GET http://localhost/api/v1/rulesets - - -&#xD;
info: Microsoft.AspNetCore.Routing.EndpointMiddleware[0]&#xD;
      Executing endpoint 'HTTP: GET /api/v1/rulesets'&#xD;
info: Microsoft.AspNetCore.Http.Result.OkObjectResult[1]&#xD;
      Setting HTTP status code 200.&#xD;
info: Microsoft.AspNetCore.Http.Result.OkObjectResult[3]&#xD;
      Writing value of type 'RulesetListDto' as Json.&#xD;
info: Microsoft.AspNetCore.Routing.EndpointMiddleware[1]&#xD;
      Executed endpoint 'HTTP: GET /api/v1/rulesets'&#xD;
info: Microsoft.AspNetCore.Hosting.Diagnostics[2]&#xD;
      Request finished HTTP/1.1 GET http://localhost/api/v1/rulesets - 200 - application/json;+charset=utf-8 17.4609ms&#xD;
info: Microsoft.AspNetCore.Hosting.Diagnostics[1]&#xD;
      Request starting HTTP/1.1 GET http://localhost/api/v1/rulesets/ironsworn - - -&#xD;
info: Microsoft.AspNetCore.Routing.EndpointMiddleware[0]&#xD;
      Executing endpoint 'HTTP: GET /api/v1/rulesets/{rulesetId}'&#xD;
info: Microsoft.AspNetCore.Http.Result.OkObjectResult[1]&#xD;
      Setting HTTP status code 200.&#xD;
info: Microsoft.AspNetCore.Http.Result.OkObjectResult[3]&#xD;
      Writing value of type 'RulesetDto' as Json.&#xD;
info: Microsoft.AspNetCore.Routing.EndpointMiddleware[1]&#xD;
      Executed endpoint 'HTTP: GET /api/v1/rulesets/{rulesetId}'&#xD;
info: Microsoft.AspNetCore.Hosting.Diagnostics[2]&#xD;
      Request finished HTTP/1.1 GET http://localhost/api/v1/rulesets/ironsworn - 200 - application/json;+charset=utf-8 7.8025ms&#xD;
info: Microsoft.AspNetCore.Hosting.Diagnostics[1]&#xD;
      Request starting HTTP/1.1 GET http://localhost/health - - -&#xD;
info: Microsoft.AspNetCore.Routing.EndpointMiddleware[0]&#xD;
      Executing endpoint 'HTTP: GET /health'&#xD;
info: Microsoft.AspNetCore.Routing.EndpointMiddleware[1]&#xD;
      Executed endpoint 'HTTP: GET /health'&#xD;
info: Microsoft.AspNetCore.Hosting.Diagnostics[2]&#xD;
      Request finished HTTP/1.1 GET http://localhost/health - 200 - application/json;+charset=utf-8 14.2995ms&#xD;
info: Microsoft.AspNetCore.Hosting.Diagnostics[1]&#xD;
      Request starting HTTP/1.1 POST http://localhost/rolls/action - application/json;+charset=utf-8 14&#xD;
info: Microsoft.AspNetCore.Routing.EndpointMiddleware[0]&#xD;
      Executing endpoint 'HTTP: POST /rolls/action'&#xD;
info: Microsoft.AspNetCore.Routing.EndpointMiddleware[1]&#xD;
      Executed endpoint 'HTTP: POST /rolls/action'&#xD;
info: Microsoft.AspNetCore.Hosting.Diagnostics[2]&#xD;
      Request finished HTTP/1.1 POST http://localhost/rolls/action - 200 - application/json;+charset=utf-8 2.8652ms&#xD;
info: Microsoft.AspNetCore.Hosting.Diagnostics[1]&#xD;
      Request starting HTTP/1.1 GET http://localhost/api/v1/characters - - -&#xD;
info: Microsoft.AspNetCore.Routing.EndpointMiddleware[0]&#xD;
      Executing endpoint 'HTTP: GET /api/v1/characters'&#xD;
info: Microsoft.AspNetCore.Http.Result.OkObjectResult[1]&#xD;
      Setting HTTP status code 200.&#xD;
info: Microsoft.AspNetCore.Http.Result.OkObjectResult[3]&#xD;
      Writing value of type 'CharacterListDto' as Json.&#xD;
info: Microsoft.AspNetCore.Routing.EndpointMiddleware[1]&#xD;
      Executed endpoint 'HTTP: GET /api/v1/characters'&#xD;
info: Microsoft.AspNetCore.Hosting.Diagnostics[2]&#xD;
      Request finished HTTP/1.1 GET http://localhost/api/v1/characters - 200 - application/json;+charset=utf-8 19.3488ms&#xD;
info: Microsoft.AspNetCore.Hosting.Diagnostics[1]&#xD;
      Request starting HTTP/1.1 POST http://localhost/api/v1/characters/drafts - application/json;+charset=utf-8 25&#xD;
info: Microsoft.AspNetCore.Routing.EndpointMiddleware[0]&#xD;
      Executing endpoint 'HTTP: POST /api/v1/characters/drafts'&#xD;
info: Microsoft.AspNetCore.Http.Result.CreatedResult[1]&#xD;
      Setting HTTP status code 201.&#xD;
info: Microsoft.AspNetCore.Http.Result.CreatedResult[3]&#xD;
      Writing value of type 'CharacterDto' as Json.&#xD;
info: Microsoft.AspNetCore.Routing.EndpointMiddleware[1]&#xD;
      Executed endpoint 'HTTP: POST /api/v1/characters/drafts'&#xD;
info: Microsoft.AspNetCore.Hosting.Diagnostics[2]&#xD;
      Request finished HTTP/1.1 POST http://localhost/api/v1/characters/drafts - 201 - application/json;+charset=utf-8 15.5043ms&#xD;
info: Microsoft.AspNetCore.Hosting.Diagnostics[1]&#xD;
      Request starting HTTP/1.1 PUT http://localhost/api/v1/characters/513bb988-43bd-4fb4-aa0d-5c5b904da4ad - application/json;+charset=utf-8 2352&#xD;
info: Microsoft.AspNetCore.Routing.EndpointMiddleware[0]&#xD;
      Executing endpoint 'HTTP: PUT /api/v1/characters/{characterId:guid}'&#xD;
info: Microsoft.AspNetCore.Http.Result.OkObjectResult[1]&#xD;
      Setting HTTP status code 200.&#xD;
info: Microsoft.AspNetCore.Http.Result.OkObjectResult[3]&#xD;
      Writing value of type 'CharacterDto' as Json.&#xD;
info: Microsoft.AspNetCore.Routing.EndpointMiddleware[1]&#xD;
      Executed endpoint 'HTTP: PUT /api/v1/characters/{characterId:guid}'&#xD;
info: Microsoft.AspNetCore.Hosting.Diagnostics[2]&#xD;
      Request finished HTTP/1.1 PUT http://localhost/api/v1/characters/513bb988-43bd-4fb4-aa0d-5c5b904da4ad - 200 - application/json;+charset=utf-8 9.7628ms&#xD;
info: Microsoft.AspNetCore.Hosting.Diagnostics[1]&#xD;
      Request starting HTTP/1.1 PUT http://localhost/api/v1/characters/513bb988-43bd-4fb4-aa0d-5c5b904da4ad - application/json;+charset=utf-8 2352&#xD;
info: Microsoft.AspNetCore.Routing.EndpointMiddleware[0]&#xD;
      Executing endpoint 'HTTP: PUT /api/v1/characters/{characterId:guid}'&#xD;
info: Microsoft.AspNetCore.Http.Result.BadRequestObjectResult[1]&#xD;
      Setting HTTP status code 400.&#xD;
info: Microsoft.AspNetCore.Http.Result.BadRequestObjectResult[3]&#xD;
      Writing value of type 'ValidationResultDto' as Json.&#xD;
info: Microsoft.AspNetCore.Routing.EndpointMiddleware[1]&#xD;
      Executed endpoint 'HTTP: PUT /api/v1/characters/{characterId:guid}'&#xD;
info: Microsoft.AspNetCore.Hosting.Diagnostics[2]&#xD;
      Request finished HTTP/1.1 PUT http://localhost/api/v1/characters/513bb988-43bd-4fb4-aa0d-5c5b904da4ad - 400 - application/json;+charset=utf-8 1.3852ms&#xD;
info: Microsoft.AspNetCore.Hosting.Diagnostics[1]&#xD;
      Request starting HTTP/1.1 POST http://localhost/api/v1/characters/drafts - application/json;+charset=utf-8 25&#xD;
info: Microsoft.AspNetCore.Routing.EndpointMiddleware[0]&#xD;
      Executing endpoint 'HTTP: POST /api/v1/characters/drafts'&#xD;
info: Microsoft.AspNetCore.Http.Result.CreatedResult[1]&#xD;
      Setting HTTP status code 201.&#xD;
info: Microsoft.AspNetCore.Http.Result.CreatedResult[3]&#xD;
      Writing value of type 'CharacterDto' as Json.&#xD;
info: Microsoft.AspNetCore.Routing.EndpointMiddleware[1]&#xD;
      Executed endpoint 'HTTP: POST /api/v1/characters/drafts'&#xD;
info: Microsoft.AspNetCore.Hosting.Diagnostics[2]&#xD;
      Request finished HTTP/1.1 POST http://localhost/api/v1/characters/drafts - 201 - application/json;+charset=utf-8 18.6124ms&#xD;
info: Microsoft.AspNetCore.Hosting.Diagnostics[1]&#xD;
      Request starting HTTP/1.1 PUT http://localhost/api/v1/characters/fed41a7f-c3f9-4b04-8db9-9014f9d58c1f - application/json;+charset=utf-8 2218&#xD;
info: Microsoft.AspNetCore.Routing.EndpointMiddleware[0]&#xD;
      Executing endpoint 'HTTP: PUT /api/v1/characters/{characterId:guid}'&#xD;
info: Microsoft.AspNetCore.Http.Result.OkObjectResult[1]&#xD;
      Setting HTTP status code 200.&#xD;
info: Microsoft.AspNetCore.Http.Result.OkObjectResult[3]&#xD;
      Writing value of type 'CharacterDto' as Json.&#xD;
info: Microsoft.AspNetCore.Routing.EndpointMiddleware[1]&#xD;
      Executed endpoint 'HTTP: PUT /api/v1/characters/{characterId:guid}'&#xD;
info: Microsoft.AspNetCore.Hosting.Diagnostics[2]&#xD;
      Request finished HTTP/1.1 PUT http://localhost/api/v1/characters/fed41a7f-c3f9-4b04-8db9-9014f9d58c1f - 200 - application/json;+charset=utf-8 4.0388ms&#xD;
info: Microsoft.AspNetCore.Hosting.Diagnostics[1]&#xD;
      Request starting HTTP/1.1 POST http://localhost/api/v1/characters/fed41a7f-c3f9-4b04-8db9-9014f9d58c1f/validate - application/json;+charset=utf-8 2&#xD;
info: Microsoft.AspNetCore.Routing.EndpointMiddleware[0]&#xD;
      Executing endpoint 'HTTP: POST /api/v1/characters/{characterId:guid}/validate'&#xD;
info: Microsoft.AspNetCore.Http.Result.OkObjectResult[1]&#xD;
      Setting HTTP status code 200.&#xD;
info: Microsoft.AspNetCore.Http.Result.OkObjectResult[3]&#xD;
      Writing value of type 'ValidationResultDto' as Json.&#xD;
info: Microsoft.AspNetCore.Routing.EndpointMiddleware[1]&#xD;
      Executed endpoint 'HTTP: POST /api/v1/characters/{characterId:guid}/validate'&#xD;
info: Microsoft.AspNetCore.Hosting.Diagnostics[2]&#xD;
      Request finished HTTP/1.1 POST http://localhost/api/v1/characters/fed41a7f-c3f9-4b04-8db9-9014f9d58c1f/validate - 200 - application/json;+charset=utf-8 2.8090ms&#xD;
info: Microsoft.AspNetCore.Hosting.Diagnostics[1]&#xD;
      Request starting HTTP/1.1 POST http://localhost/api/v1/characters/fed41a7f-c3f9-4b04-8db9-9014f9d58c1f/finalize - application/json;+charset=utf-8 22&#xD;
info: Microsoft.AspNetCore.Routing.EndpointMiddleware[0]&#xD;
      Executing endpoint 'HTTP: POST /api/v1/characters/{characterId:guid}/finalize'&#xD;
info: Microsoft.AspNetCore.Http.Result.OkObjectResult[1]&#xD;
      Setting HTTP status code 200.&#xD;
info: Microsoft.AspNetCore.Http.Result.OkObjectResult[3]&#xD;
      Writing value of type 'CharacterDto' as Json.&#xD;
info: Microsoft.AspNetCore.Routing.EndpointMiddleware[1]&#xD;
      Executed endpoint 'HTTP: POST /api/v1/characters/{characterId:guid}/finalize'&#xD;
info: Microsoft.AspNetCore.Hosting.Diagnostics[2]&#xD;
      Request finished HTTP/1.1 POST http://localhost/api/v1/characters/fed41a7f-c3f9-4b04-8db9-9014f9d58c1f/finalize - 200 - application/json;+charset=utf-8 2.9734ms&#xD;
info: Microsoft.AspNetCore.Hosting.Diagnostics[1]&#xD;
      Request starting HTTP/1.1 GET http://localhost/api/v1/characters - - -&#xD;
info: Microsoft.AspNetCore.Routing.EndpointMiddleware[0]&#xD;
      Executing endpoint 'HTTP: GET /api/v1/characters'&#xD;
info: Microsoft.AspNetCore.Http.Result.OkObjectResult[1]&#xD;
      Setting HTTP status code 200.&#xD;
info: Microsoft.AspNetCore.Http.Result.OkObjectResult[3]&#xD;
      Writing value of type 'CharacterListDto' as Json.&#xD;
info: Microsoft.AspNetCore.Routing.EndpointMiddleware[1]&#xD;
      Executed endpoint 'HTTP: GET /api/v1/characters'&#xD;
info: Microsoft.AspNetCore.Hosting.Diagnostics[2]&#xD;
      Request finished HTTP/1.1 GET http://localhost/api/v1/characters - 200 - application/json;+charset=utf-8 2.1209ms&#xD;
info: Microsoft.AspNetCore.Hosting.Diagnostics[1]&#xD;
      Request starting HTTP/1.1 DELETE http://localhost/api/v1/characters/fed41a7f-c3f9-4b04-8db9-9014f9d58c1f - - -&#xD;
info: Microsoft.AspNetCore.Routing.EndpointMiddleware[0]&#xD;
      Executing endpoint 'HTTP: DELETE /api/v1/characters/{characterId:guid}'&#xD;
info: Microsoft.AspNetCore.Http.Result.NoContentResult[1]&#xD;
      Setting HTTP status code 204.&#xD;
info: Microsoft.AspNetCore.Routing.EndpointMiddleware[1]&#xD;
      Executed endpoint 'HTTP: DELETE /api/v1/characters/{characterId:guid}'&#xD;
info: Microsoft.AspNetCore.Hosting.Diagnostics[2]&#xD;
      Request finished HTTP/1.1 DELETE http://localhost/api/v1/characters/fed41a7f-c3f9-4b04-8db9-9014f9d58c1f - 204 - - 0.8364ms&#xD;
info: Microsoft.AspNetCore.Hosting.Diagnostics[1]&#xD;
      Request starting HTTP/1.1 GET http://localhost/api/v1/characters/fed41a7f-c3f9-4b04-8db9-9014f9d58c1f - - -&#xD;
info: Microsoft.AspNetCore.Routing.EndpointMiddleware[0]&#xD;
      Executing endpoint 'HTTP: GET /api/v1/characters/{characterId:guid}'&#xD;
info: Microsoft.AspNetCore.Http.Result.NotFoundObjectResult[1]&#xD;
      Setting HTTP status code 404.&#xD;
info: Microsoft.AspNetCore.Http.Result.NotFoundObjectResult[3]&#xD;
      Writing value of type 'ErrorEnvelopeDto' as Json.&#xD;
info: Microsoft.AspNetCore.Routing.EndpointMiddleware[1]&#xD;
      Executed endpoint 'HTTP: GET /api/v1/characters/{characterId:guid}'&#xD;
info: Microsoft.AspNetCore.Hosting.Diagnostics[2]&#xD;
      Request finished HTTP/1.1 GET http://localhost/api/v1/characters/fed41a7f-c3f9-4b04-8db9-9014f9d58c1f - 404 - application/json;+charset=utf-8 0.6801ms&#xD;
info: Microsoft.AspNetCore.Hosting.Diagnostics[1]&#xD;
      Request starting HTTP/1.1 POST http://localhost/api/v1/characters/drafts - application/json;+charset=utf-8 25&#xD;
info: Microsoft.AspNetCore.Routing.EndpointMiddleware[0]&#xD;
      Executing endpoint 'HTTP: POST /api/v1/characters/drafts'&#xD;
info: Microsoft.AspNetCore.Http.Result.CreatedResult[1]&#xD;
      Setting HTTP status code 201.&#xD;
info: Microsoft.AspNetCore.Http.Result.CreatedResult[3]&#xD;
      Writing value of type 'CharacterDto' as Json.&#xD;
info: Microsoft.AspNetCore.Routing.EndpointMiddleware[1]&#xD;
      Executed endpoint 'HTTP: POST /api/v1/characters/drafts'&#xD;
info: Microsoft.AspNetCore.Hosting.Diagnostics[2]&#xD;
      Request finished HTTP/1.1 POST http://localhost/api/v1/characters/drafts - 201 - application/json;+charset=utf-8 19.4215ms&#xD;
info: Microsoft.AspNetCore.Hosting.Diagnostics[1]&#xD;
      Request starting HTTP/1.1 PUT http://localhost/api/v1/characters/7edf5f46-c418-4516-8fcb-61ff943c225e - application/json;+charset=utf-8 1753&#xD;
info: Microsoft.AspNetCore.Routing.EndpointMiddleware[0]&#xD;
      Executing endpoint 'HTTP: PUT /api/v1/characters/{characterId:guid}'&#xD;
info: Microsoft.AspNetCore.Http.Result.OkObjectResult[1]&#xD;
      Setting HTTP status code 200.&#xD;
info: Microsoft.AspNetCore.Http.Result.OkObjectResult[3]&#xD;
      Writing value of type 'CharacterDto' as Json.&#xD;
info: Microsoft.AspNetCore.Routing.EndpointMiddleware[1]&#xD;
      Executed endpoint 'HTTP: PUT /api/v1/characters/{characterId:guid}'&#xD;
info: Microsoft.AspNetCore.Hosting.Diagnostics[2]&#xD;
      Request finished HTTP/1.1 PUT http://localhost/api/v1/characters/7edf5f46-c418-4516-8fcb-61ff943c225e - 200 - application/json;+charset=utf-8 3.1963ms&#xD;
info: Microsoft.AspNetCore.Hosting.Diagnostics[1]&#xD;
      Request starting HTTP/1.1 POST http://localhost/api/v1/characters/7edf5f46-c418-4516-8fcb-61ff943c225e/finalize - application/json;+charset=utf-8 22&#xD;
info: Microsoft.AspNetCore.Routing.EndpointMiddleware[0]&#xD;
      Executing endpoint 'HTTP: POST /api/v1/characters/{characterId:guid}/finalize'&#xD;
info: Microsoft.AspNetCore.Http.Result.BadRequestObjectResult[1]&#xD;
      Setting HTTP status code 400.&#xD;
info: Microsoft.AspNetCore.Http.Result.BadRequestObjectResult[3]&#xD;
      Writing value of type 'ValidationResultDto' as Json.&#xD;
info: Microsoft.AspNetCore.Routing.EndpointMiddleware[1]&#xD;
      Executed endpoint 'HTTP: POST /api/v1/characters/{characterId:guid}/finalize'&#xD;
info: Microsoft.AspNetCore.Hosting.Diagnostics[2]&#xD;
      Request finished HTTP/1.1 POST http://localhost/api/v1/characters/7edf5f46-c418-4516-8fcb-61ff943c225e/finalize - 400 - application/json;+charset=utf-8 1.2076ms&#xD;
[xUnit.net 00:00:00.77]   Finished:    CharacterManager.Backend.E2E.Tests&#xD;
</StdOut>
    </Output>
    <CollectorDataEntries>
      <Collector agentName="DESKTOP-OMOJ29N" uri="datacollector://microsoft/CoverletCodeCoverage/1.0" collectorDisplayName="XPlat code coverage">
        <UriAttachments>
          <UriAttachment>
            <A href="DESKTOP-OMOJ29N\coverage.cobertura.xml"></A>
          </UriAttachment>
        </UriAttachments>
      </Collector>
    </CollectorDataEntries>
  </ResultSummary>
</TestRun>